
> web-shoes@1.0.0 build
> next build

   Γû▓ Next.js 15.3.2
   - Environments: .env.local, .env

   Creating an optimized production build ...
 Γ£ô Compiled successfully in 6.0s
   Linting and checking validity of types ...
   Collecting page data ...
   Generating static pages (0/5) ...
   Generating static pages (1/5) 
   Generating static pages (2/5) 
   Generating static pages (3/5) 
 Γ£ô Generating static pages (5/5)
   Finalizing page optimization ...
   Collecting build traces ...

Route (app)                                 Size  First Load JS
Γöî Γùï /                                      136 B         101 kB
Γö£ Γùï /_not-found                            977 B         102 kB
Γöö Γùï /login                               37.2 kB         142 kB
+ First Load JS shared by all             101 kB
  Γö£ chunks/4bd1b696-bb2c4a050c724df7.js  53.2 kB
  Γö£ chunks/684-db59f9c89191295f.js       45.9 kB
  Γöö other shared chunks (total)          1.99 kB


Γùï  (Static)  prerendered as static content

